2026-08-04T23:13:15: RSS → Telegram бот запущено.
2026-08-04T23:13:15: Перевірка кожні 60 сек.
2026-08-04T23:13:15: [8/4/2026, 11:13:15 PM] Перевірка RSS: https://www.tagesschau.de/xml/rss2/
2026-08-04T23:13:15: Перший запуск для tagesschau: зберігаю останню статтю без публікації.
2026-08-04T23:13:15: [8/4/2026, 11:13:15 PM] Перевірка RSS: https://feeds.bbci.co.uk/news/world/rss.xml
2026-08-04T23:13:15: Перший запуск для bbc-world: зберігаю останню статтю без публікації.
2026-08-04T23:13:15: [8/4/2026, 11:13:15 PM] Перевірка RSS: https://feeds.reuters.com/reuters/worldNews
2026-08-04T23:13:15: Не вдалося завантажити RSS (1/3). Повторна спроба...
2026-08-04T23:13:15: Не вдалося завантажити RSS (2/3). Повторна спроба...
2026-08-04T23:13:15: Не вдалося завантажити RSS для фіда reuters-world: fetch failed
2026-08-04T23:14:15: [8/4/2026, 11:14:15 PM] Перевірка RSS: https://www.tagesschau.de/xml/rss2/
2026-08-04T23:14:15: Нових статей у tagesschau немає.
2026-08-04T23:14:15: [8/4/2026, 11:14:15 PM] Перевірка RSS: https://feeds.bbci.co.uk/news/world/rss.xml
2026-08-04T23:14:15: Нових статей у bbc-world немає.
2026-08-04T23:14:15: [8/4/2026, 11:14:15 PM] Перевірка RSS: https://feeds.reuters.com/reuters/worldNews
2026-08-04T23:14:15: Не вдалося завантажити RSS (1/3). Повторна спроба...
2026-08-04T23:14:15: Не вдалося завантажити RSS (2/3). Повторна спроба...
2026-08-04T23:14:15: Не вдалося завантажити RSS для фіда reuters-world: fetch failed
2026-08-04T23:15:15: [8/4/2026, 11:15:15 PM] Перевірка RSS: https://www.tagesschau.de/xml/rss2/
2026-08-04T23:15:15: Нових статей у tagesschau немає.
2026-08-04T23:15:15: [8/4/2026, 11:15:15 PM] Перевірка RSS: https://feeds.bbci.co.uk/news/world/rss.xml
2026-08-04T23:15:15: Нових статей у bbc-world немає.
2026-08-04T23:15:15: [8/4/2026, 11:15:15 PM] Перевірка RSS: https://feeds.reuters.com/reuters/worldNews
2026-08-04T23:15:15: Не вдалося завантажити RSS (1/3). Повторна спроба...
2026-08-04T23:15:15: Не вдалося завантажити RSS (2/3). Повторна спроба...
2026-08-04T23:15:15: Не вдалося завантажити RSS для фіда reuters-world: fetch failed
2026-08-04T23:16:15: [8/4/2026, 11:16:15 PM] Перевірка RSS: https://www.tagesschau.de/xml/rss2/
2026-08-04T23:16:15: Нових статей у tagesschau немає.
2026-08-04T23:16:15: [8/4/2026, 11:16:15 PM] Перевірка RSS: https://feeds.bbci.co.uk/news/world/rss.xml
2026-08-04T23:16:15: Нових статей у bbc-world немає.
2026-08-04T23:16:15: [8/4/2026, 11:16:15 PM] Перевірка RSS: https://feeds.reuters.com/reuters/worldNews
2026-08-04T23:16:15: Не вдалося завантажити RSS (1/3). Повторна спроба...
2026-08-04T23:16:15: Не вдалося завантажити RSS (2/3). Повторна спроба...
2026-08-04T23:16:15: Не вдалося завантажити RSS для фіда reuters-world: fetch failed
2026-08-04T23:17:15: [8/4/2026, 11:17:15 PM] Перевірка RSS: https://www.tagesschau.de/xml/rss2/
2026-08-04T23:17:16: Нових статей у tagesschau немає.
2026-08-04T23:17:16: [8/4/2026, 11:17:16 PM] Перевірка RSS: https://feeds.bbci.co.uk/news/world/rss.xml
2026-08-04T23:17:16: Нових статей у bbc-world немає.
2026-08-04T23:17:16: [8/4/2026, 11:17:16 PM] Перевірка RSS: https://feeds.reuters.com/reuters/worldNews
2026-08-04T23:17:16: Не вдалося завантажити RSS (1/3). Повторна спроба...
2026-08-04T23:17:16: Не вдалося завантажити RSS (2/3). Повторна спроба...
2026-08-04T23:17:16: Не вдалося завантажити RSS для фіда reuters-world: fetch failed
2026-08-04T23:18:15: [8/4/2026, 11:18:15 PM] Перевірка RSS: https://www.tagesschau.de/xml/rss2/
2026-08-04T23:18:15: Нових статей у tagesschau немає.
2026-08-04T23:18:15: [8/4/2026, 11:18:15 PM] Перевірка RSS: https://feeds.bbci.co.uk/news/world/rss.xml
2026-08-04T23:18:15: Нових статей у bbc-world немає.
2026-08-04T23:18:15: [8/4/2026, 11:18:15 PM] Перевірка RSS: https://feeds.reuters.com/reuters/worldNews
2026-08-04T23:18:15: Не вдалося завантажити RSS (1/3). Повторна спроба...
2026-08-04T23:18:15: Не вдалося завантажити RSS (2/3). Повторна спроба...
2026-08-04T23:18:15: Не вдалося завантажити RSS для фіда reuters-world: fetch failed
2026-08-04T23:19:15: [8/4/2026, 11:19:15 PM] Перевірка RSS: https://www.tagesschau.de/xml/rss2/
2026-08-04T23:19:15: Нових статей у tagesschau немає.
2026-08-04T23:19:15: [8/4/2026, 11:19:15 PM] Перевірка RSS: https://feeds.bbci.co.uk/news/world/rss.xml
2026-08-04T23:19:15: Нових статей у bbc-world немає.
2026-08-04T23:19:15: [8/4/2026, 11:19:15 PM] Перевірка RSS: https://feeds.reuters.com/reuters/worldNews
2026-08-04T23:19:15: Не вдалося завантажити RSS (1/3). Повторна спроба...
2026-08-04T23:19:15: Не вдалося завантажити RSS (2/3). Повторна спроба...
2026-08-04T23:19:15: Не вдалося завантажити RSS для фіда reuters-world: fetch failed
2026-08-04T23:20:15: [8/4/2026, 11:20:15 PM] Перевірка RSS: https://www.tagesschau.de/xml/rss2/
2026-08-04T23:20:15: Нових статей у tagesschau немає.
2026-08-04T23:20:15: [8/4/2026, 11:20:15 PM] Перевірка RSS: https://feeds.bbci.co.uk/news/world/rss.xml
2026-08-04T23:20:16: Нових статей у bbc-world немає.
2026-08-04T23:20:16: [8/4/2026, 11:20:16 PM] Перевірка RSS: https://feeds.reuters.com/reuters/worldNews
2026-08-04T23:20:16: Не вдалося завантажити RSS (1/3). Повторна спроба...
2026-08-04T23:20:16: Не вдалося завантажити RSS (2/3). Повторна спроба...
2026-08-04T23:20:16: Не вдалося завантажити RSS для фіда reuters-world: fetch failed
2026-08-04T23:21:15: [8/4/2026, 11:21:15 PM] Перевірка RSS: https://www.tagesschau.de/xml/rss2/
2026-08-04T23:21:15: Нових статей у tagesschau немає.
2026-08-04T23:21:15: [8/4/2026, 11:21:15 PM] Перевірка RSS: https://feeds.bbci.co.uk/news/world/rss.xml
2026-08-04T23:21:15: Нових статей у bbc-world немає.
2026-08-04T23:21:15: [8/4/2026, 11:21:15 PM] Перевірка RSS: https://feeds.reuters.com/reuters/worldNews
2026-08-04T23:21:15: Не вдалося завантажити RSS (1/3). Повторна спроба...
2026-08-04T23:21:15: Не вдалося завантажити RSS (2/3). Повторна спроба...
2026-08-04T23:21:15: Не вдалося завантажити RSS для фіда reuters-world: fetch failed
2026-08-04T23:22:15: [8/4/2026, 11:22:15 PM] Перевірка RSS: https://www.tagesschau.de/xml/rss2/
2026-08-04T23:22:15: Перший запуск для tagesschau: зберігаю останню статтю без публікації.
2026-08-04T23:22:15: [8/4/2026, 11:22:15 PM] Перевірка RSS: https://feeds.bbci.co.uk/news/world/rss.xml
2026-08-04T23:22:15: Перший запуск для bbc-world: зберігаю останню статтю без публікації.
2026-08-04T23:22:15: [8/4/2026, 11:22:15 PM] Перевірка RSS: https://feeds.reuters.com/reuters/worldNews
2026-08-04T23:22:15: Не вдалося завантажити RSS (1/3). Повторна спроба...
2026-08-04T23:22:15: Не вдалося завантажити RSS (2/3). Повторна спроба...
2026-08-04T23:22:15: Не вдалося завантажити RSS для фіда reuters-world: fetch failed
2026-08-04T23:23:15: [8/4/2026, 11:23:15 PM] Перевірка RSS: https://www.tagesschau.de/xml/rss2/
2026-08-04T23:23:15: Нових статей у tagesschau немає.
2026-08-04T23:23:15: [8/4/2026, 11:23:15 PM] Перевірка RSS: https://feeds.bbci.co.uk/news/world/rss.xml
2026-08-04T23:23:15: Нових статей у bbc-world немає.
2026-08-04T23:23:15: [8/4/2026, 11:23:15 PM] Перевірка RSS: https://feeds.reuters.com/reuters/worldNews
2026-08-04T23:23:15: Не вдалося завантажити RSS (1/3). Повторна спроба...
2026-08-04T23:23:15: Не вдалося завантажити RSS (2/3). Повторна спроба...
2026-08-04T23:23:15: Не вдалося завантажити RSS для фіда reuters-world: fetch failed
2026-08-04T23:24:15: [8/4/2026, 11:24:15 PM] Перевірка RSS: https://www.tagesschau.de/xml/rss2/
2026-08-04T23:24:15: Нових статей у tagesschau немає.
2026-08-04T23:24:15: [8/4/2026, 11:24:15 PM] Перевірка RSS: https://feeds.bbci.co.uk/news/world/rss.xml
2026-08-04T23:24:15: Нових статей у bbc-world немає.
2026-08-04T23:24:15: [8/4/2026, 11:24:15 PM] Перевірка RSS: https://feeds.reuters.com/reuters/worldNews
2026-08-04T23:24:15: Не вдалося завантажити RSS (1/3). Повторна спроба...
2026-08-04T23:24:15: Не вдалося завантажити RSS (2/3). Повторна спроба...
2026-08-04T23:24:15: Не вдалося завантажити RSS для фіда reuters-world: fetch failed
2026-08-04T23:25:15: [8/4/2026, 11:25:15 PM] Перевірка RSS: https://www.tagesschau.de/xml/rss2/
2026-08-04T23:25:15: Перший запуск для tagesschau: зберігаю останню статтю без публікації.
2026-08-04T23:25:15: [8/4/2026, 11:25:15 PM] Перевірка RSS: https://feeds.bbci.co.uk/news/world/rss.xml
2026-08-04T23:25:15: Перший запуск для bbc-world: зберігаю останню статтю без публікації.
2026-08-04T23:25:15: [8/4/2026, 11:25:15 PM] Перевірка RSS: https://feeds.reuters.com/reuters/worldNews
2026-08-04T23:25:15: Не вдалося завантажити RSS (1/3). Повторна спроба...
2026-08-04T23:25:15: Не вдалося завантажити RSS (2/3). Повторна спроба...
2026-08-04T23:25:15: Не вдалося завантажити RSS для фіда reuters-world: fetch failed
2026-08-04T23:26:15: [8/4/2026, 11:26:15 PM] Перевірка RSS: https://www.tagesschau.de/xml/rss2/
2026-08-04T23:26:15: Нових статей у tagesschau немає.
2026-08-04T23:26:15: [8/4/2026, 11:26:15 PM] Перевірка RSS: https://feeds.bbci.co.uk/news/world/rss.xml
2026-08-04T23:26:15: Нових статей у bbc-world немає.
2026-08-04T23:26:15: [8/4/2026, 11:26:15 PM] Перевірка RSS: https://feeds.reuters.com/reuters/worldNews
2026-08-04T23:26:15: Не вдалося завантажити RSS (1/3). Повторна спроба...
2026-08-04T23:26:15: Не вдалося завантажити RSS (2/3). Повторна спроба...
2026-08-04T23:26:15: Не вдалося завантажити RSS для фіда reuters-world: fetch failed
2026-08-04T23:27:15: [8/4/2026, 11:27:15 PM] Перевірка RSS: https://www.tagesschau.de/xml/rss2/
2026-08-04T23:27:15: Нових статей у tagesschau немає.
2026-08-04T23:27:15: [8/4/2026, 11:27:15 PM] Перевірка RSS: https://feeds.bbci.co.uk/news/world/rss.xml
2026-08-04T23:27:15: Нових статей у bbc-world немає.
2026-08-04T23:27:15: [8/4/2026, 11:27:15 PM] Перевірка RSS: https://feeds.reuters.com/reuters/worldNews
2026-08-04T23:27:15: Не вдалося завантажити RSS (1/3). Повторна спроба...
2026-08-04T23:27:15: Не вдалося завантажити RSS (2/3). Повторна спроба...
2026-08-04T23:27:15: Не вдалося завантажити RSS для фіда reuters-world: fetch failed
2026-08-04T23:28:15: [8/4/2026, 11:28:15 PM] Перевірка RSS: https://www.tagesschau.de/xml/rss2/
2026-08-04T23:28:15: Нових статей у tagesschau немає.
2026-08-04T23:28:15: [8/4/2026, 11:28:15 PM] Перевірка RSS: https://feeds.bbci.co.uk/news/world/rss.xml
2026-08-04T23:28:15: Нових статей у bbc-world немає.
2026-08-04T23:28:15: [8/4/2026, 11:28:15 PM] Перевірка RSS: https://feeds.reuters.com/reuters/worldNews
2026-08-04T23:28:15: Не вдалося завантажити RSS (1/3). Повторна спроба...
2026-08-04T23:28:15: Не вдалося завантажити RSS (2/3). Повторна спроба...
2026-08-04T23:28:15: Не вдалося завантажити RSS для фіда reuters-world: fetch failed
2026-08-04T23:29:15: [8/4/2026, 11:29:15 PM] Перевірка RSS: https://www.tagesschau.de/xml/rss2/
2026-08-04T23:29:15: Нових статей у tagesschau немає.
2026-08-04T23:29:15: [8/4/2026, 11:29:15 PM] Перевірка RSS: https://feeds.bbci.co.uk/news/world/rss.xml
2026-08-04T23:29:15: Нових статей у bbc-world немає.
2026-08-04T23:29:15: [8/4/2026, 11:29:15 PM] Перевірка RSS: https://feeds.reuters.com/reuters/worldNews
2026-08-04T23:29:15: Не вдалося завантажити RSS (1/3). Повторна спроба...
2026-08-04T23:29:15: Не вдалося завантажити RSS (2/3). Повторна спроба...
2026-08-04T23:29:15: Не вдалося завантажити RSS для фіда reuters-world: fetch failed
